// Jest Snapshot v1, https://goo.gl/fbAQLP

exports[`renders snapshot correctly 1`] = `"<div class=\\"birthdateField\\"><label>Lapsen syntym√§aika (pp.kk.vvvv)*</label><div class=\\"inputWrapper\\"><div class=\\"inputField\\"><div class=\\"inputWrapper numberInput\\"><div class=\\"inputTypeWrapper\\"><input type=\\"number\\" name=\\"foo.day\\" aria-required=\\"true\\" aria-label=\\"pv\\" placeholder=\\"pv\\" min=\\"1\\" max=\\"31\\"/></div></div><div class=\\"inputErrorMessage\\"></div></div><div class=\\"dot\\">.</div><div class=\\"inputField\\"><div class=\\"inputWrapper numberInput\\"><div class=\\"inputTypeWrapper\\"><input type=\\"number\\" name=\\"foo.month\\" aria-required=\\"true\\" aria-label=\\"kk\\" placeholder=\\"kk\\" min=\\"1\\" max=\\"12\\"/></div></div><div class=\\"inputErrorMessage\\"></div></div><div class=\\"dot\\">.</div><div class=\\"inputField\\"><div class=\\"inputWrapper numberInput\\"><div class=\\"inputTypeWrapper\\"><input type=\\"number\\" name=\\"foo.year\\" aria-required=\\"true\\" aria-label=\\"vuosi\\" placeholder=\\"vuosi\\"/></div></div><div class=\\"inputErrorMessage\\"></div></div></div></div>"`;
