// Jest Snapshot v1, https://goo.gl/fbAQLP

exports[`renders snapshot correctly 1`] = `"<div class=\\"pageWrapper\\"><header class=\\"headerWrapper\\"><div class=\\"container\\"><div class=\\"navbarTop\\"><div class=\\"logoWrapper\\"><div class=\\"logo\\"></div><h3 class=\\"appName\\">Kulttuurin kummilapset</h3></div><div class=\\"languageWrapper\\"><div class=\\"languageBar\\"><a href=\\"/fi/home\\" aria-current=\\"page\\" class=\\"active\\">Suomi</a><a href=\\"/sv/home\\">Svenska</a><a href=\\"/en/home\\">English</a></div></div></div></div></header><div class=\\"pageBody\\"><div class=\\"spinnerWrapper\\"><div class=\\"spinner\\"></div></div></div><footer class=\\"footerWrapper\\"><div class=\\"container\\"><div class=\\"footer\\"><div class=\\"helsinkiLogo\\"></div><div class=\\"copyright\\"><p>© Copyright 2019 • Kaikki oikeudet pidätetään •</p></div><div class=\\"accessibilityStatement\\"><a href=\\"/accessibility\\">Saavutettavuusseloste</a></div></div></div></footer></div><div class=\\"Toastify\\"></div>"`;
