// Jest Snapshot v1, https://goo.gl/fbAQLP

exports[`EnhancedInputField  render normally 1`] = `
<Field
  aria-required={true}
  id="bar"
  name="foo"
  required={true}
  validate={[Function]}
/>
`;
